core_cm7.h:2229:22:SCB_EnableICache	4	static,ignoring_inline_asm
core_cm7.h:2281:22:SCB_EnableDCache	24	static,ignoring_inline_asm
main.c:88:6:HAL_UART_RxCpltCallback	16	static
main.c:99:5:_write	24	static
main.c:110:5:main	16	static
main.c:203:6:SystemClock_Config	216	static
main.c:260:13:MX_CRC_Init	8	static
main.c:289:13:MX_RTC_Init	8	static
main.c:327:13:MX_TIM1_Init	40	static
main.c:372:13:MX_USART6_UART_Init	8	static
main.c:405:13:MX_GPIO_Init	48	static
main.c:454:6:HAL_GPIO_EXTI_Callback	16	static
main.c:494:6:Error_Handler	4	static,ignoring_inline_asm
